A1-flac4: GREEN (4865ms, exit Some(0))
    expect "Format: 44100 Hz" OK
    new-position (0, 0) OK
    expect "Terminal: Completed" OK
    expect "terminal outcome committed" OK
    keys "q"
    exit 0 OK
    expect "EOF: played out completely" OK
    absent-after-mark "teardown violated" OK
    absent-after-mark "warning: disposal" OK
A1-mp3cbr: GREEN (4702ms, exit Some(0))
    expect "Format: 44100 Hz" OK
    new-position (0, 0) OK
    expect "Terminal: Completed" OK
    expect "terminal outcome committed" OK
    keys "q"
    exit 0 OK
    expect "EOF: played out completely" OK
    absent-after-mark "teardown violated" OK
    absent-after-mark "warning: disposal" OK
A1-alac4: GREEN (4886ms, exit Some(0))
    expect "Format: 44100 Hz" OK
    new-position (0, 0) OK
    expect "Terminal: Completed" OK
    expect "terminal outcome committed" OK
    keys "q"
    exit 0 OK
    expect "EOF: played out completely" OK
    absent-after-mark "teardown violated" OK
    absent-after-mark "warning: disposal" OK
A1-alac6: GREEN (7042ms, exit Some(0))
    expect "Format: 44100 Hz" OK
    new-position (0, 0) OK
    expect "Terminal: Completed" OK
    expect "terminal outcome committed" OK
    keys "q"
    exit 0 OK
    expect "EOF: played out completely" OK
    absent-after-mark "teardown violated" OK
    absent-after-mark "warning: disposal" OK
A2: RED (5923ms, exit None)
    expect "Format: 44100 Hz" OK
    keys " "
    FAILURE: timeout waiting for "Pause requested: true" after offset 0; history tail:
────────────────────────────┘
┌ Controls ────────────────────────────────────────────────────────────────────────────────────────────────────────────┐
│ ←/→  Seek ±5s      Space  Pause/Resume                                                                               │
│ S  Stop            Q  Quit    Ctrl+C  Quit                                                                           │
│ O  Open source                                                                                                       │
│ N  Next            P  Previous                                                                                       │
│ +  Louder          -  Softer                                                                                         │
└──────────────────────────────────────────────────────────────────────────────────────────────────────────────────────┘
[mp3float @ 000002574569e3c0] Could not update timestamps for skipped samples.


A3: RED (9397ms, exit None)
    expect "Format: 44100 Hz" OK
    sleep 3000ms
    mark
    keys "\u{1b}[C" x1
    FAILURE: timeout waiting for a position sample different from None; post-mark samples: []
A4: RED (12073ms, exit None)
    expect "Format: 44100 Hz" OK
    sleep 6000ms
    record-position None
    mark
    keys "\u{1b}[D" x1
    FAILURE: timeout waiting for a position sample different from None; post-mark samples: []
A5: GREEN (5961ms, exit Some(0))
    expect "Format: 44100 Hz" OK
    sleep 2000ms
    mark
    keys "\u{1b}[C" x3
    keys "\u{1b}[D" x2
    keys "\u{1b}[C" x1
    new-position (0, 7) OK
    sleep 2000ms
    new-position (0, 12) OK
    expect "Terminal: pending" OK
    keys "q"
    exit 0 OK
    expect "stopped before completion" OK
A6: RED (5697ms, exit None)
    expect "Format: 44100 Hz" OK
    sleep 2000ms
    keys " "
    FAILURE: timeout waiting for "Paused: true" after offset 0; history tail:
────────────────────────────┘
┌ Controls ────────────────────────────────────────────────────────────────────────────────────────────────────────────┐
│ ←/→  Seek ±5s      Space  Pause/Resume                                                                               │
│ S  Stop            Q  Quit    Ctrl+C  Quit                                                                           │
│ O  Open source                                                                                                       │
│ N  Next            P  Previous                                                                                       │
│ +  Louder          -  Softer                                                                                         │
└──────────────────────────────────────────────────────────────────────────────────────────────────────────────────────┘
[mp3float @ 0000022ccff4e3c0] Could not update timestamps for skipped samples.


A7: RED (6132ms, exit None)
    expect "Format: 44100 Hz" OK
    expect "Volume: 100/100 (desired)" OK
    keys "-" x4
    FAILURE: timeout waiting for "Volume: 80/100 (desired)" after offset 0; history tail:
────────────────────────────┘
┌ Controls ────────────────────────────────────────────────────────────────────────────────────────────────────────────┐
│ ←/→  Seek ±5s      Space  Pause/Resume                                                                               │
│ S  Stop            Q  Quit    Ctrl+C  Quit                                                                           │
│ O  Open source                                                                                                       │
│ N  Next            P  Previous                                                                                       │
│ +  Louder          -  Softer                                                                                         │
└──────────────────────────────────────────────────────────────────────────────────────────────────────────────────────┘
[mp3float @ 000001434a16e3c0] Could not update timestamps for skipped samples.


A8: RED (3698ms, exit None)
    expect "Format: 44100 Hz" OK
    keys " "
    FAILURE: timeout waiting for "Paused: true" after offset 0; history tail:
────────────────────────────┘
┌ Controls ────────────────────────────────────────────────────────────────────────────────────────────────────────────┐
│ ←/→  Seek ±5s      Space  Pause/Resume                                                                               │
│ S  Stop            Q  Quit    Ctrl+C  Quit                                                                           │
│ O  Open source                                                                                                       │
│ N  Next            P  Previous                                                                                       │
│ +  Louder          -  Softer                                                                                         │
└──────────────────────────────────────────────────────────────────────────────────────────────────────────────────────┘
[mp3float @ 000001f2b274e3c0] Could not update timestamps for skipped samples.


A9: RED (5693ms, exit None)
    expect "Format: 44100 Hz" OK
    keys "-"
    FAILURE: timeout waiting for "Volume: 95/100 (desired)" after offset 0; history tail:
──────────────────────────────────────┘
┌ Controls ────────────────────────────────────────────────────────────────────────────────────────────────────────────┐
│ ←/→  Seek ±5s      Space  Pause/Resume                                                                               │
│ S  Stop            Q  Quit    Ctrl+C  Quit                                                                           │
│ O  Open source                                                                                                       │
│ N  Next            P  Previous                                                                                       │
│ +  Louder          -mp3float @ 0000020e7f62e3c0] 39;25HSofter                                                        │
└──────────────────────────────────────────────────────────────────────────────────────────────────────────────────────┘
Could not update timestamps for skipped samples.


A10: RED (22151ms, exit None)
    expect "Format: 44100 Hz" OK
    sleep 1500ms
    mark
    keys "o"
    keys "synth30.flac"
    keys "\r"
    FAILURE: timeout waiting for "opened" after offset 30466; history tail:
────────────────────────────┘
┌ Controls ────────────────────────────────────────────────────────────────────────────────────────────────────────────┐
│ ←/→  Seek ±5s      Space  Pause/Resume                                                                               │
│ S  Stop            Q  Quit    Ctrl+C  Quit                                                                           │
│ O  Open source                                                                                                       │
│ N  Next            P  Previous                                                                                       │
│ +  Louder          -  Softer                                                                                         │
└──────────────────────────────────────────────────────────────────────────────────────────────────────────────────────┘
[mp3float @ 000002627f92e3c0] Could not update timestamps for skipped samples.


A11: RED (9012ms, exit None)
    expect "Format: 44100 Hz" OK
    sleep 1500ms
    mark
    keys "o"
    keys "garbage.bin"
    keys "\r"
    expect-after-mark "open refused" OK
    absent-after-mark "opened " OK
    mark
    sleep 1500ms
    FAILURE: timeout waiting for a position sample different from None; post-mark samples: []
A12: RED (3687ms, exit None)
    expect "Format: 44100 Hz" OK
    keys " "
    FAILURE: timeout waiting for "Paused: true" after offset 0; history tail:
────────────────────────────┘
┌ Controls ────────────────────────────────────────────────────────────────────────────────────────────────────────────┐
│ ←/→  Seek ±5s      Space  Pause/Resume                                                                               │
│ S  Stop            Q  Quit    Ctrl+C  Quit                                                                           │
│ O  Open source                                                                                                       │
│ N  Next            P  Previous                                                                                       │
│ +  Louder          -  Softer                                                                                         │
└──────────────────────────────────────────────────────────────────────────────────────────────────────────────────────┘
[mp3float @ 000001de15eee3c0] Could not update timestamps for skipped samples.


A13: RED (23191ms, exit None)
    expect "Format: 44100 Hz" OK
    sleep 2000ms
    keys "\u{1b}[C" x1
    new-position (0, 0) OK
    mark
    keys "o"
    keys "synth30.flac"
    keys "\r"
    FAILURE: timeout waiting for "opened" after offset 31750; history tail:
──────────────────────────────────────────────────────┘
┌ Controls ────────────────────────────────────────────────────────────────────────────────────────────────────────────┐
│ ←/→  Seek ±5s      Space  Pause/Resume                                                                               │
│ S  Stop            Q  Quit    Ctrl+C  Quit                                                                           │
│ O  Open source                                                                                                       │
│ N  Next            P  Previous                                                                                       │
│ +  Louder          -  Softer                                                                                         │
└──────────────────────────────────────────────────────────────────────────────────────────────────────────────────────┘

A14: RED (23167ms, exit None)
    expect "Track: 1/3" OK
    mark
    keys "n"
    expect-after-mark "next: opened" OK
    FAILURE: timeout waiting for "Track: 2/3" after offset 6466; history tail:
────────────────────────────┘
┌ Controls ────────────────────────────────────────────────────────────────────────────────────────────────────────────┐
│ ←/→  Seek ±5s      Space  Pause/Resume                                                                               │
│ S  Stop            Q  Quit    Ctrl+C  Quit                                                                           │
│ O  Open source                                                                                                       │
│ N  Next            P  Previous                                                                                       │
│ +  Louder          -  Softer                                                                                         │
└──────────────────────────────────────────────────────────────────────────────────────────────────────────────────────┘
[qianqian-wasapi] render aborted: data plane stopped
[qianqian-wasapi] opened:

A15: RED (23247ms, exit None)
    expect "Track: 1/3" OK
    mark
    keys "n"
    FAILURE: timeout waiting for "next refused" after offset 6539; history tail:
───────────────────┘
┌ Controls ────────────────────────────────────────────────────────────────────────────────────────────────────────────┐
│ ←/→  Seek ±5s      Space  Pause/Resume                                                                               │
│ S  Stop            Q  Quit    Ctrl+C  Quit                                                                           │
│ O  Open source                                                                                                       │
│ N  Next            P  Previous                                                                                       │
│ +  Louder          -  Softer                                                                                         │
└──────────────────────────────────────────────────────────────────────────────────────────────────────────────────────┘
[qianqian-wasapi] render aborted: data plane stopped
[qianqian-wasapi] opened: 44100 Hz, 2 channels, mask

A16: GREEN (3113ms, exit Some(0))
    expect "Format: 44100 Hz" OK
    sleep 2000ms
    keys "s"
    expect "Terminal: Stopped" OK
    keys "s"
    expect "Terminal: Stopped" OK
    expect "terminal outcome committed" OK
    keys "q"
    exit 0 OK
    expect "stopped before completion" OK
    absent-after-mark "teardown violated" OK
    absent-after-mark "warning: disposal" OK
A16-drain-stop: RED (11762ms, exit None)
    expect "Format: 44100 Hz" OK
    sleep 3200ms
    keys "s"
    FAILURE: timeout waiting for "Terminal: Completed" after offset 0; history tail:
──────────────────────────────────────────────────────┘
┌ Controls ────────────────────────────────────────────────────────────────────────────────────────────────────────────┐
│ ←/→  Seek ±5s      Space  Pause/Resume                                                                               │
│ S  Stop            Q  Quit    Ctrl+C  Quit                                                                           │
│ O  Open source                                                                                                       │
│ N  Next            P  Previous                                                                                       │
│ +  Louder          -  Softer                                                                                         │
└──────────────────────────────────────────────────────────────────────────────────────────────────────────────────────┘

A16-paused: GREEN (1308ms, exit Some(0))
    expect "Format: 44100 Hz" OK
    keys " "
    expect "Paused: true" OK
    keys "s"
    expect "Terminal: Stopped" OK
    keys "q"
    exit 0 OK
    expect "stopped before completion" OK
    absent-after-mark "teardown violated" OK
    absent-after-mark "warning: disposal" OK
A16-after-seek: GREEN (2828ms, exit Some(0))
    expect "Format: 44100 Hz" OK
    sleep 1500ms
    mark
    keys "\u{1b}[C" x1
    new-position (0, 6) OK
    keys "s"
    expect "Terminal: Stopped" OK
    keys "q"
    exit 0 OK
    expect "stopped before completion" OK
    absent-after-mark "teardown violated" OK
    absent-after-mark "warning: disposal" OK
A17: RED (20698ms, exit None)
    expect "Format: 44100 Hz" OK
    keys "s"
    expect "Terminal: Stopped" OK
    mark
    keys "o"
    keys "synth30.flac"
    keys "\r"
    FAILURE: timeout waiting for "opened" after offset 25429; history tail:
──────────────────────────────────────────────────────┘
┌ Controls ────────────────────────────────────────────────────────────────────────────────────────────────────────────┐
│ ←/→  Seek ±5s      Space  Pause/Resume                                                                               │
│ S  Stop            Q  Quit    Ctrl+C  Quit                                                                           │
│ O  Open source                                                                                                       │
│ N  Next            P  Previous                                                                                       │
│ +  Louder          -  Softer                                                                                         │
└──────────────────────────────────────────────────────────────────────────────────────────────────────────────────────┘

A18: RED (22040ms, exit None)
    expect "Format: 44100 Hz" OK
    sleep 1500ms
    mark
    keys "o"
    keys "synth30.flac"
    keys "\r"
    FAILURE: timeout waiting for "opened" after offset 19108; history tail:
──────────────────────────────────────────────────────┘
┌ Controls ────────────────────────────────────────────────────────────────────────────────────────────────────────────┐
│ ←/→  Seek ±5s      Space  Pause/Resume                                                                               │
│ S  Stop            Q  Quit    Ctrl+C  Quit                                                                           │
│ O  Open source                                                                                                       │
│ N  Next            P  Previous                                                                                       │
│ +  Louder          -  Softer                                                                                         │
└──────────────────────────────────────────────────────────────────────────────────────────────────────────────────────┘

A19: RED (21579ms, exit None)
    expect "Format: 44100 Hz" OK
    sleep 1000ms
    mark
    keys "o"
    keys "synth30.flac"
    keys "\r"
    FAILURE: timeout waiting for "opened" after offset 12787; history tail:
──────────────────────────────────────────────────────┘
┌ Controls ────────────────────────────────────────────────────────────────────────────────────────────────────────────┐
│ ←/→  Seek ±5s      Space  Pause/Resume                                                                               │
│ S  Stop            Q  Quit    Ctrl+C  Quit                                                                           │
│ O  Open source                                                                                                       │
│ N  Next            P  Previous                                                                                       │
│ +  Louder          -  Softer                                                                                         │
└──────────────────────────────────────────────────────────────────────────────────────────────────────────────────────┘

A20: RED (10839ms, exit None)
    expect "Track: 1/3" OK
    expect "Format: 44100 Hz" OK
    sleep 1000ms
    keys "n"
    expect-after-mark "next: opened" OK
    expect-after-mark "Track: 2/3" OK
    keys " "
    expect "Paused: true" OK
    sleep 800ms
    keys " "
    expect "Pause requested: false" OK
    keys "\u{1b}[C" x1
    new-position (0, 0) OK
    keys "\u{1b}[D" x1
    new-position (0, 1) OK
    keys "-"
    expect "Volume: 95/100 (desired)" OK
    keys "+"
    expect "Volume: 100/100 (desired)" OK
    keys "n"
    expect-after-mark "next: opened" OK
    expect-after-mark "Track: 3/3" OK
    mark
    keys "o"
    keys "garbage.bin"
    keys "\r"
    expect-after-mark "open refused" OK
    expect-after-mark "Track: 3/3" OK
    keys "p"
    expect-after-mark "previous: opened" OK
    expect-after-mark "Track: 2/3" OK
    keys " "
    expect "Paused: true" OK
    keys "\u{1b}[C" x1
    new-position (0, 0) OK
    expect "Paused: true" OK
    keys " "
    expect "Pause requested: false" OK
    sleep 1000ms
    new-position (0, 3) OK
    mark
    keys "o"
    keys "synth30.flac"
    keys "\r"
    expect-after-mark "opened" OK
    sleep 1000ms
    keys "\u{1b}[C" x2
    FAILURE: timeout waiting for a position sample different from Some((0, 3)); post-mark samples: []
