A2: GREEN (2372ms, exit Some(0))
    expect "Format: 44100 Hz" OK
    keys " "
    expect "Pause requested: true" OK
    expect "Paused: true" OK
    keys " " x2
    expect "Pause requested: true" OK
    expect "Paused: true" OK
    keys " " x2
    expect "Pause requested: true" OK
    keys " "
    expect "Pause requested: false" OK
    new-position (0, 0) OK
    keys " "
    expect "Pause requested: true" OK
    expect "Paused: true" OK
    keys " "
    expect "Pause requested: false" OK
    new-position (0, 1) OK
    keys "q"
    exit 0 OK
    expect "stopped before completion" OK
A16: GREEN (3164ms, exit Some(0))
    expect "Format: 44100 Hz" OK
    sleep 2000ms
    keys "s"
    expect "Terminal: Stopped" OK
    keys "s"
    expect "Terminal: Stopped" OK
    expect "terminal outcome committed" OK
    keys "q"
    exit 0 OK
    expect "stopped before completion" OK
    absent-after-mark "teardown violated" OK
    absent-after-mark "warning: disposal" OK
A16-paused: GREEN (1201ms, exit Some(0))
    expect "Format: 44100 Hz" OK
    keys " "
    expect "Paused: true" OK
    keys "s"
    expect "Terminal: Stopped" OK
    keys "q"
    exit 0 OK
    expect "stopped before completion" OK
    absent-after-mark "teardown violated" OK
    absent-after-mark "warning: disposal" OK
A10: GREEN (3275ms, exit Some(0))
    expect "Format: 44100 Hz" OK
    sleep 1500ms
    mark
    keys "o"
    keys "synth30.flac"
    keys "\r"
    expect-after-mark "opened synth30.flac" OK
    expect-after-mark "Source: synth30.flac" OK
    mark
    absent-after-mark "Source: C:\\Users\\Public\\qianqian-dogfood\\synth45.mp3" OK
    mark
    keys "o"
    keys "synth45.mp3"
    keys "\r"
    expect-after-mark "opened synth45.mp3" OK
    expect-after-mark "Source: synth45.mp3" OK
    mark
    absent-after-mark "Source: synth30.flac" OK
    mark
    keys "o"
    keys "synth30.flac"
    keys "\r"
    expect-after-mark "opened synth30.flac" OK
    expect-after-mark "Source: synth30.flac" OK
    mark
    absent-after-mark "Source: synth45.mp3" OK
    keys "q"
    exit 0 OK
    expect "stopped before completion" OK
    absent-after-mark "teardown violated" OK
    absent-after-mark "warning: disposal" OK
