U1-idle: GREEN (1007ms, exit Some(0))
    expect "No music loaded." OK
    expect "Press O to open a file or folder" OK
    mark
    absent-after-mark "Position:" OK
    absent-after-mark "Paused:" OK
    absent-after-mark "Terminal:" OK
    absent-after-mark "open refused" OK
    absent-after-mark "no audio candidates" OK
    keys "q"
    exit 0 OK
    absent-after-mark "teardown violated" OK
    absent-after-mark "warning: disposal" OK
U1-folder-open: GREEN (3175ms, exit Some(0))
    expect "No music loaded." OK
    keys "o"
    keys "C:\\Users\\Public\\qn-lr1\\media\\u1music"
    keys "\r"
    expect-after-mark "opened C:\\Users\\Public\\qn-lr1\\media\\u1music\\flac4.flac (2 candidates)" OK
    expect "Track: 1/2" OK
    expect "Format: 44100 Hz" OK
    new-position (0, 0) OK
    keys "n"
    expect-after-mark "C:\\Users\\Public\\qn-lr1\\media\\u1music\\synth45.mp3" OK
    expect "Track: 2/2" OK
    expect "Format: 44100 Hz" OK
    new-position (0, 1) OK
    keys "q"
    exit 0 OK
    expect "stopped before completion" OK
    absent-after-mark "teardown violated" OK
    absent-after-mark "warning: disposal" OK
U2-shuffle-start: GREEN (972ms, exit Some(0))
    expect "Format: 44100 Hz" OK
    expect "Order: Shuffle" OK
    expect "Track: 1/3" OK
    expect "▶ >   1  flac4.flac" OK
    new-position (0, 0) OK
    keys "q"
    exit 0 OK
    expect "stopped before completion" OK
    absent-after-mark "teardown violated" OK
    absent-after-mark "warning: disposal" OK
U2-cover-clean: GREEN (4054ms, exit Some(0))
    mark
    expect "Format: 44100 Hz" OK
    expect "Source: C:\\Users\\Public\\qn-lr1\\media\\cover.mp3" OK
    expect "▶ >   1  cover.mp3" OK
    keys "L"
    expect "Repeat: All" OK
    sleep 3000ms
    absent-after-mark "[mp3 @" OK
    absent-after-mark "Could not find codec parameters" OK
    absent-after-mark "Consider increasing the value" OK
    absent-after-mark "[qianqian-wasapi]" OK
    new-position (0, 0) OK
    keys "q"
    exit 0 OK
    expect "stopped before completion" OK
    absent-after-mark "teardown violated" OK
    absent-after-mark "warning: disposal" OK
U2-rate-mix: GREEN (2145ms, exit Some(0))
    expect "Format: 44100 Hz" OK
    expect "Track: 1/2" OK
    expect "Format: 44100 Hz" OK
    new-position (0, 0) OK
    keys "n"
    expect "Track: 2/2" OK
    expect "Format: 48000 Hz" OK
    new-position (0, 1) OK
    keys "q"
    exit 0 OK
    expect "stopped before completion" OK
    absent-after-mark "teardown violated" OK
    absent-after-mark "warning: disposal" OK
U2-help: GREEN (1242ms, exit Some(0))
    expect "Format: 44100 Hz" OK
    expect "Shift+←/→" OK
    mark
    keys "?"
    expect-after-mark(async) "Qianqian keys" OK
    expect-after-mark(async) "select the previous / next row" OK
    expect-after-mark(async) "play the selected row" OK
    expect-after-mark(async) "repeat: off / all / one" OK
    expect-after-mark(async) "go to an exact position" OK
    absent-after-mark "M3U" OK
    absent-after-mark "mouse" OK
    absent-after-mark "library" OK
    keys "\u{1b}"
    mark
    repaint
    absent-after-mark "Qianqian keys" OK
    new-position (0, 0) OK
    keys "q"
    exit 0 OK
    expect "stopped before completion" OK
    absent-after-mark "teardown violated" OK
    absent-after-mark "warning: disposal" OK
U3-keys-field: GREEN (3691ms, exit Some(0))
    expect "Format: 44100 Hz" OK
    expect "Track: 1/1" OK
    sleep 2000ms
    mark
    keys "\r"
    expect-after-mark(async) "already playing the selected track" OK
    absent-after-mark "play: opened" OK
    new-position (0, 2) OK
    keys "g"
    expect-after-mark "Go to: [" OK
    keys "0:10"
    keys "\r"
    expect-after-mark(async) "seek requested: 00:10" OK
    new-position (0, 10) OK
    keys "\u{1b}"
    mark
    repaint
    absent-after-mark "Go to:" OK
    keys "l"
    expect-after-mark(async) "Repeat: All" OK
    keys "s"
    expect-after-mark(async) "Terminal: Stopped" OK
    keys "q"
    exit 0 OK
    expect "stopped before completion" OK
    absent-after-mark "teardown violated" OK
    absent-after-mark "warning: disposal" OK
C11-longpath: GREEN (1366ms, exit Some(0))
    expect "Format: 44100 Hz" OK
    mark
    keys "o"
    keys "qianqian-longpath-aaaaaaaaaaaaaaaaaaaaaaaaaaaaaaaaaaaaaaaaaaaaaaaaaaaaaaaaaaaaaaaaaaaaaaaaaaaaaaaaaaaaaaaaaaaaaaaa.flac"
    keys "\r"
    expect-after-mark "opened qianqian-longpath" OK
    expect-after-mark "Source: qianqian-longpath" OK
    mark
    keys "s"
    expect-after-mark "Terminal: Stopped" OK
    expect-after-mark "N/P  Next/Prev" OK
    absent-after-mark "teardown violated" OK
    keys "q"
    exit 0 OK
    expect "stopped before completion" OK
    absent-after-mark "teardown violated" OK
    absent-after-mark "warning: disposal" OK
C12-cjk: GREEN (1395ms, exit Some(0))
    expect "Format: 44100 Hz" OK
    mark
    keys "o"
    keys "千曲.flac"
    keys "\r"
    expect-after-mark "opened 千 曲 .flac" OK
    keys " "
    expect "Pause requested: true" OK
    keys " "
    expect "Pause requested: false" OK
    expect-after-mark "Source: 千 曲 .flac" OK
    absent-after-mark "teardown violated" OK
    keys "q"
    exit 0 OK
    expect "stopped before completion" OK
    absent-after-mark "teardown violated" OK
    absent-after-mark "warning: disposal" OK
A15: GREEN (2057ms, exit Some(0))
    expect "Track: 1/2" OK
    expect "Format: 44100 Hz" OK
    expect "not playable: garbage.bin" OK
    mark
    new-position (0, 1) OK
    keys "n"
    expect-after-mark "next: opened C:\\Users\\Public\\qn-lr1\\media\\flac4.flac" OK
    expect-after-mark "Track: 2/2" OK
    keys "n"
    expect-after-mark "no next track" OK
    expect-after-mark "Track: 2/2" OK
    keys "p"
    expect-after-mark "previous: opened C:\\Users\\Public\\qn-lr1\\media\\synth45.mp3" OK
    expect-after-mark "Track: 1/2" OK
    keys "p"
    expect-after-mark "no previous track" OK
    expect-after-mark "Track: 1/2" OK
    keys "q"
    exit 0 OK
    expect "stopped before completion" OK
    absent-after-mark "teardown violated" OK
    absent-after-mark "warning: disposal" OK
